<!DOCTYPE html PUBLIC "-//W3C//DTD XHTML 1.0 Transitional//EN" "http://www.w3.org/TR/xhtml1/DTD/xhtml1-transitional.dtd">
<html xmlns="http://www.w3.org/1999/xhtml" xml:lang="en" lang="en">
<head><meta http-equiv="content-type" content="text/html; charset=UTF-8" />
<title>Junk8 xref</title>
<link type="text/css" rel="stylesheet" href="../stylesheet.css" />
</head>
<body>
<pre>
<a class="jxr_linenumber" name="L1" href="#L1">1</a>   <strong class="jxr_keyword">public</strong> <strong class="jxr_keyword">class</strong> Junk1 {
<a class="jxr_linenumber" name="L2" href="#L2">2</a>       <strong class="jxr_keyword">public</strong> <strong class="jxr_keyword">boolean</strong> mybool;
<a class="jxr_linenumber" name="L3" href="#L3">3</a>       <strong class="jxr_keyword">public</strong> <strong class="jxr_keyword">static</strong> <strong class="jxr_keyword">void</strong> main (String[] args) {
<a class="jxr_linenumber" name="L4" href="#L4">4</a>   	System.out.println(<span class="jxr_string">"I have	a tab"</span>);
<a class="jxr_linenumber" name="L5" href="#L5">5</a>   	<em class="jxr_comment">//	Here is a comment with an embedded tab</em>
<a class="jxr_linenumber" name="L6" href="#L6">6</a>   	<strong class="jxr_keyword">if</strong> (mybool) {	<em class="jxr_comment">/* Here is a multi-line</em>
<a class="jxr_linenumber" name="L7" href="#L7">7</a>   <em class="jxr_comment">			   (with embedded'	'tab)</em>
<a class="jxr_linenumber" name="L8" href="#L8">8</a>   <em class="jxr_comment">	    Comment */</em><strong class="jxr_keyword">char</strong> mychar = '	';	<em class="jxr_comment">//&lt;-tab-&gt;	&lt;-</em>
<a class="jxr_linenumber" name="L9" href="#L9">9</a>   	} <em class="jxr_comment">// end of if (mybool)</em>
<a class="jxr_linenumber" name="L10" href="#L10">10</a>  	
<a class="jxr_linenumber" name="L11" href="#L11">11</a>      } <em class="jxr_comment">// end of main ()</em>
<a class="jxr_linenumber" name="L12" href="#L12">12</a>  }
<a class="jxr_linenumber" name="L13" href="#L13">13</a>  
</pre>
<hr/>
<div id="footer"></div>
</body>
</html>
